To honour the JVM settings for this build a single-use Daemon process will be forked. For more on this, please refer to https://docs.gradle.org/8.13/userguide/gradle_daemon.html#sec:disabling_the_daemon in the Gradle documentation.
Daemon will be stopped at the end of the build 
.\gradlew : 
At line:1 char:48
+ ... va\jdk-17"; .\gradlew assembleDebug --no-daemon > build_output.txt 2> ...
+                 ~~~~~~~~~~~~~~~~~~~~~~~~~~~~~~~~~~~~~~~~~~~~~~~~~~~~~~~~~
    + CategoryInfo          : NotSpecified: (:String) [], RemoteException
    + FullyQualifiedErrorId : NativeCommandError
 
FAILURE: Build failed with an exception.

* Where:
Build file 'C:\Users\HP\AndroidStudioProjects\GoalTrack\app\build.gradle.kts' line: 3

* What went wrong:
An exception occurred applying plugin request [id: 'com.android.application', version: '8.13.2']
> Failed to apply plugin 'com.android.internal.application'.
   > Cannot parse project property 
android.nonTransitiveRClass='trueo r g . g r a d l e . j a v a . h o m e = C :   P r o g r a m  
 F i l e s   J a v a   j d k - 1 7 ' of type 'class java.lang.String' as boolean. Expected 'true' or 'false'.

* Try:
> Run with --stacktrace option to get the stack trace.
> Run with --info or --debug option to get more log output.
> Run with --scan to get full insights.
> Get more help at https://help.gradle.org.

BUILD FAILED in 26s
